0 verbose cli C:\Program Files\nodejs\node.exe C:\Users\SANDRA\AppData\Roaming\npm\node_modules\npm\bin\npm-cli.js
1 info using npm@11.13.0
2 info using node@v24.14.0
3 silly config load:file:C:\Users\SANDRA\AppData\Roaming\npm\node_modules\npm\npmrc
4 info config found workspace root at C:\Users\SANDRA\Desktop\ChurchFlow-source (1)
5 silly config load:file:C:\Users\SANDRA\Desktop\ChurchFlow-source (1)\.npmrc
6 silly config load:file:C:\Users\SANDRA\.npmrc
7 silly config load:file:C:\Users\SANDRA\AppData\Roaming\npm\etc\npmrc
8 verbose title npm install
9 verbose argv "install" "--ignore-workspace"
10 verbose logfile logs-max:10 dir:C:\Users\SANDRA\Desktop\ChurchFlow-source (1)\marketing\churchflow-site\.sites-runtime\npm-cache\_logs\2026-08-06T13_20_55_697Z-
11 verbose logfile C:\Users\SANDRA\Desktop\ChurchFlow-source (1)\marketing\churchflow-site\.sites-runtime\npm-cache\_logs\2026-08-06T13_20_55_697Z-debug-0.log
12 warn Unknown cli config "--ignore-workspace". This will stop working in the next major version of npm.
13 silly logfile done cleaning log files
14 silly packumentCache heap:2348810240 maxSize:587202560 maxEntrySize:293601280
15 warn workspaces @nexora/churchflow-site in filter set, but no workspace folder present
16 silly idealTree buildDeps
17 silly fetch manifest turbo@^2.0.0
18 silly packumentCache full:https://registry.npmjs.org/turbo cache-miss
19 http cache https://registry.npmjs.org/turbo 34ms (cache hit)
20 silly packumentCache full:https://registry.npmjs.org/turbo set size:2459296 disposed:false
21 silly placeDep ROOT @nexora/aicos@1.0.0 OK for: nexora-platform@1.0.0 want: file:C:\Users\SANDRA\Desktop\ChurchFlow-source (1)\apps\aicos
22 silly placeDep ROOT @nexora/auth@1.0.0 OK for: nexora-platform@1.0.0 want: file:C:\Users\SANDRA\Desktop\ChurchFlow-source (1)\packages\auth
23 silly placeDep ROOT @nexora/billing@1.0.0 OK for: nexora-platform@1.0.0 want: file:C:\Users\SANDRA\Desktop\ChurchFlow-source (1)\packages\billing
24 silly placeDep ROOT @nexora/churchflow@1.0.0 OK for: nexora-platform@1.0.0 want: file:C:\Users\SANDRA\Desktop\ChurchFlow-source (1)\apps\churchflow
25 silly placeDep ROOT @nexora/churchflow-site@1.0.0 OK for: nexora-platform@1.0.0 want: file:C:\Users\SANDRA\Desktop\ChurchFlow-source (1)\marketing\churchflow-site
26 silly placeDep ROOT @nexora/config@1.0.0 OK for: nexora-platform@1.0.0 want: file:C:\Users\SANDRA\Desktop\ChurchFlow-source (1)\packages\config
27 silly placeDep ROOT @nexora/counseling@1.0.0 OK for: nexora-platform@1.0.0 want: file:C:\Users\SANDRA\Desktop\ChurchFlow-source (1)\apps\counseling
28 silly placeDep ROOT @nexora/db@1.0.0 OK for: nexora-platform@1.0.0 want: file:C:\Users\SANDRA\Desktop\ChurchFlow-source (1)\packages\db
29 silly placeDep ROOT @nexora/school-suite@1.0.0 OK for: nexora-platform@1.0.0 want: file:C:\Users\SANDRA\Desktop\ChurchFlow-source (1)\apps\school-suite
30 silly placeDep ROOT @nexora/susu@1.0.0 OK for: nexora-platform@1.0.0 want: file:C:\Users\SANDRA\Desktop\ChurchFlow-source (1)\apps\susu
31 silly placeDep ROOT @nexora/ui@1.0.0 OK for: nexora-platform@1.0.0 want: file:C:\Users\SANDRA\Desktop\ChurchFlow-source (1)\packages\ui
32 silly placeDep ROOT @nexora/utils@1.0.0 OK for: nexora-platform@1.0.0 want: file:C:\Users\SANDRA\Desktop\ChurchFlow-source (1)\packages\utils
33 silly placeDep ROOT turbo@2.10.8 OK for: nexora-platform@1.0.0 want: ^2.0.0
34 silly fetch manifest @turbo/linux-64@2.10.8
35 silly packumentCache full:https://registry.npmjs.org/@turbo%2flinux-64 cache-miss
36 silly fetch manifest @turbo/darwin-64@2.10.8
37 silly packumentCache full:https://registry.npmjs.org/@turbo%2fdarwin-64 cache-miss
38 silly fetch manifest @turbo/windows-64@2.10.8
39 silly packumentCache full:https://registry.npmjs.org/@turbo%2fwindows-64 cache-miss
40 http cache https://registry.npmjs.org/@turbo%2fdarwin-64 26ms (cache hit)
41 silly packumentCache full:https://registry.npmjs.org/@turbo%2fdarwin-64 set size:399996 disposed:false
42 silly fetch manifest @turbo/linux-arm64@2.10.8
43 silly packumentCache full:https://registry.npmjs.org/@turbo%2flinux-arm64 cache-miss
44 http cache https://registry.npmjs.org/@turbo%2flinux-64 38ms (cache hit)
45 silly packumentCache full:https://registry.npmjs.org/@turbo%2flinux-64 set size:397519 disposed:false
46 silly fetch manifest @turbo/darwin-arm64@2.10.8
47 silly packumentCache full:https://registry.npmjs.org/@turbo%2fdarwin-arm64 cache-miss
48 http cache https://registry.npmjs.org/@turbo%2fwindows-64 40ms (cache hit)
49 silly packumentCache full:https://registry.npmjs.org/@turbo%2fwindows-64 set size:399798 disposed:false
50 silly fetch manifest @turbo/windows-arm64@2.10.8
51 silly packumentCache full:https://registry.npmjs.org/@turbo%2fwindows-arm64 cache-miss
52 http cache https://registry.npmjs.org/@turbo%2flinux-arm64 33ms (cache hit)
53 silly packumentCache full:https://registry.npmjs.org/@turbo%2flinux-arm64 set size:402798 disposed:false
54 http cache https://registry.npmjs.org/@turbo%2fdarwin-arm64 40ms (cache hit)
55 silly packumentCache full:https://registry.npmjs.org/@turbo%2fdarwin-arm64 set size:403424 disposed:false
56 http cache https://registry.npmjs.org/@turbo%2fwindows-arm64 41ms (cache hit)
57 silly packumentCache full:https://registry.npmjs.org/@turbo%2fwindows-arm64 set size:405031 disposed:false
58 verbose stack Error: Unsupported URL Type "workspace:": workspace:*
58 verbose stack     at unsupportedURLType (C:\Users\SANDRA\AppData\Roaming\npm\node_modules\npm\node_modules\npm-package-arg\lib\npa.js:367:15)
58 verbose stack     at fromURL (C:\Users\SANDRA\AppData\Roaming\npm\node_modules\npm\node_modules\npm-package-arg\lib\npa.js:426:13)
58 verbose stack     at npa.resolve (C:\Users\SANDRA\AppData\Roaming\npm\node_modules\npm\node_modules\npm-package-arg\lib\npa.js:108:12)
58 verbose stack     at #nodeFromEdge (C:\Users\SANDRA\AppData\Roaming\npm\node_modules\npm\node_modules\@npmcli\arborist\lib\arborist\build-ideal-tree.js:1053:22)
58 verbose stack     at #buildDepStep (C:\Users\SANDRA\AppData\Roaming\npm\node_modules\npm\node_modules\@npmcli\arborist\lib\arborist\build-ideal-tree.js:917:35)
58 verbose stack     at #buildDepStep (C:\Users\SANDRA\AppData\Roaming\npm\node_modules\npm\node_modules\@npmcli\arborist\lib\arborist\build-ideal-tree.js:1044:30)
58 verbose stack     at async Arborist.buildIdealTree (C:\Users\SANDRA\AppData\Roaming\npm\node_modules\npm\node_modules\@npmcli\arborist\lib\arborist\build-ideal-tree.js:170:7)
58 verbose stack     at async Promise.all (index 1)
58 verbose stack     at async Arborist.reify (C:\Users\SANDRA\AppData\Roaming\npm\node_modules\npm\node_modules\@npmcli\arborist\lib\arborist\reify.js:111:5)
58 verbose stack     at async Install.exec (C:\Users\SANDRA\AppData\Roaming\npm\node_modules\npm\lib\commands\install.js:146:5)
59 error code EUNSUPPORTEDPROTOCOL
60 error Unsupported URL Type "workspace:": workspace:*
61 silly unfinished npm timer reify 1786022459340
62 silly unfinished npm timer reify:loadTrees 1786022459341
63 silly unfinished npm timer idealTree:buildDeps 1786022459697
64 silly unfinished npm timer idealTree:apps/aicos 1786022459967
65 verbose cwd C:\Users\SANDRA\Desktop\ChurchFlow-source (1)\marketing\churchflow-site
66 verbose os Windows_NT 10.0.22000
67 verbose node v24.14.0
68 verbose npm  v11.13.0
69 verbose exit 1
70 verbose code 1
71 error A complete log of this run can be found in: C:\Users\SANDRA\Desktop\ChurchFlow-source (1)\marketing\churchflow-site\.sites-runtime\npm-cache\_logs\2026-08-06T13_20_55_697Z-debug-0.log
