0 verbose cli C:\Program Files\nodejs\node.exe C:\Users\SANDRA\AppData\Roaming\npm\node_modules\npm\bin\npm-cli.js
1 info using npm@11.13.0
2 info using node@v24.14.0
3 silly config load:file:C:\Users\SANDRA\AppData\Roaming\npm\node_modules\npm\npmrc
4 info config found workspace root at C:\Users\SANDRA\Desktop\ChurchFlow-source (1)
5 silly config load:file:C:\Users\SANDRA\Desktop\ChurchFlow-source (1)\.npmrc
6 silly config load:file:C:\Users\SANDRA\.npmrc
7 silly config load:file:C:\Users\SANDRA\AppData\Roaming\npm\etc\npmrc
8 verbose title npm install
9 verbose argv "install"
10 verbose logfile logs-max:10 dir:C:\Users\SANDRA\Desktop\ChurchFlow-source (1)\marketing\churchflow-site\.sites-runtime\npm-cache\_logs\2026-08-06T13_20_20_249Z-
11 verbose logfile C:\Users\SANDRA\Desktop\ChurchFlow-source (1)\marketing\churchflow-site\.sites-runtime\npm-cache\_logs\2026-08-06T13_20_20_249Z-debug-0.log
12 silly logfile done cleaning log files
13 silly packumentCache heap:2348810240 maxSize:587202560 maxEntrySize:293601280
14 warn workspaces @nexora/churchflow-site in filter set, but no workspace folder present
15 silly idealTree buildDeps
16 silly fetch manifest turbo@^2.0.0
17 silly packumentCache full:https://registry.npmjs.org/turbo cache-miss
18 http fetch GET 200 https://registry.npmjs.org/turbo 909ms (cache miss)
19 silly packumentCache full:https://registry.npmjs.org/turbo set size:undefined disposed:false
20 silly placeDep ROOT @nexora/aicos@1.0.0 OK for: nexora-platform@1.0.0 want: file:C:\Users\SANDRA\Desktop\ChurchFlow-source (1)\apps\aicos
21 silly placeDep ROOT @nexora/auth@1.0.0 OK for: nexora-platform@1.0.0 want: file:C:\Users\SANDRA\Desktop\ChurchFlow-source (1)\packages\auth
22 silly placeDep ROOT @nexora/billing@1.0.0 OK for: nexora-platform@1.0.0 want: file:C:\Users\SANDRA\Desktop\ChurchFlow-source (1)\packages\billing
23 silly placeDep ROOT @nexora/churchflow@1.0.0 OK for: nexora-platform@1.0.0 want: file:C:\Users\SANDRA\Desktop\ChurchFlow-source (1)\apps\churchflow
24 silly placeDep ROOT @nexora/churchflow-site@1.0.0 OK for: nexora-platform@1.0.0 want: file:C:\Users\SANDRA\Desktop\ChurchFlow-source (1)\marketing\churchflow-site
25 silly placeDep ROOT @nexora/config@1.0.0 OK for: nexora-platform@1.0.0 want: file:C:\Users\SANDRA\Desktop\ChurchFlow-source (1)\packages\config
26 silly placeDep ROOT @nexora/counseling@1.0.0 OK for: nexora-platform@1.0.0 want: file:C:\Users\SANDRA\Desktop\ChurchFlow-source (1)\apps\counseling
27 silly placeDep ROOT @nexora/db@1.0.0 OK for: nexora-platform@1.0.0 want: file:C:\Users\SANDRA\Desktop\ChurchFlow-source (1)\packages\db
28 silly placeDep ROOT @nexora/school-suite@1.0.0 OK for: nexora-platform@1.0.0 want: file:C:\Users\SANDRA\Desktop\ChurchFlow-source (1)\apps\school-suite
29 silly placeDep ROOT @nexora/susu@1.0.0 OK for: nexora-platform@1.0.0 want: file:C:\Users\SANDRA\Desktop\ChurchFlow-source (1)\apps\susu
30 silly placeDep ROOT @nexora/ui@1.0.0 OK for: nexora-platform@1.0.0 want: file:C:\Users\SANDRA\Desktop\ChurchFlow-source (1)\packages\ui
31 silly placeDep ROOT @nexora/utils@1.0.0 OK for: nexora-platform@1.0.0 want: file:C:\Users\SANDRA\Desktop\ChurchFlow-source (1)\packages\utils
32 silly placeDep ROOT turbo@2.10.8 OK for: nexora-platform@1.0.0 want: ^2.0.0
33 silly fetch manifest @turbo/linux-64@2.10.8
34 silly packumentCache full:https://registry.npmjs.org/@turbo%2flinux-64 cache-miss
35 silly fetch manifest @turbo/darwin-64@2.10.8
36 silly packumentCache full:https://registry.npmjs.org/@turbo%2fdarwin-64 cache-miss
37 silly fetch manifest @turbo/windows-64@2.10.8
38 silly packumentCache full:https://registry.npmjs.org/@turbo%2fwindows-64 cache-miss
39 http fetch GET 200 https://registry.npmjs.org/@turbo%2flinux-64 1152ms (cache miss)
40 silly packumentCache full:https://registry.npmjs.org/@turbo%2flinux-64 set size:undefined disposed:false
41 silly fetch manifest @turbo/linux-arm64@2.10.8
42 silly packumentCache full:https://registry.npmjs.org/@turbo%2flinux-arm64 cache-miss
43 http fetch GET 200 https://registry.npmjs.org/@turbo%2fdarwin-64 1200ms (cache miss)
44 silly packumentCache full:https://registry.npmjs.org/@turbo%2fdarwin-64 set size:undefined disposed:false
45 silly fetch manifest @turbo/darwin-arm64@2.10.8
46 silly packumentCache full:https://registry.npmjs.org/@turbo%2fdarwin-arm64 cache-miss
47 http fetch GET 200 https://registry.npmjs.org/@turbo%2fwindows-64 1405ms (cache miss)
48 silly packumentCache full:https://registry.npmjs.org/@turbo%2fwindows-64 set size:undefined disposed:false
49 silly fetch manifest @turbo/windows-arm64@2.10.8
50 silly packumentCache full:https://registry.npmjs.org/@turbo%2fwindows-arm64 cache-miss
51 http fetch GET 200 https://registry.npmjs.org/@turbo%2flinux-arm64 1845ms (cache miss)
52 silly packumentCache full:https://registry.npmjs.org/@turbo%2flinux-arm64 set size:undefined disposed:false
53 http fetch GET 200 https://registry.npmjs.org/@turbo%2fwindows-arm64 1609ms (cache miss)
54 silly packumentCache full:https://registry.npmjs.org/@turbo%2fwindows-arm64 set size:undefined disposed:false
55 http fetch GET 200 https://registry.npmjs.org/@turbo%2fdarwin-arm64 1805ms (cache miss)
56 silly packumentCache full:https://registry.npmjs.org/@turbo%2fdarwin-arm64 set size:undefined disposed:false
57 verbose stack Error: Unsupported URL Type "workspace:": workspace:*
57 verbose stack     at unsupportedURLType (C:\Users\SANDRA\AppData\Roaming\npm\node_modules\npm\node_modules\npm-package-arg\lib\npa.js:367:15)
57 verbose stack     at fromURL (C:\Users\SANDRA\AppData\Roaming\npm\node_modules\npm\node_modules\npm-package-arg\lib\npa.js:426:13)
57 verbose stack     at npa.resolve (C:\Users\SANDRA\AppData\Roaming\npm\node_modules\npm\node_modules\npm-package-arg\lib\npa.js:108:12)
57 verbose stack     at #nodeFromEdge (C:\Users\SANDRA\AppData\Roaming\npm\node_modules\npm\node_modules\@npmcli\arborist\lib\arborist\build-ideal-tree.js:1053:22)
57 verbose stack     at #buildDepStep (C:\Users\SANDRA\AppData\Roaming\npm\node_modules\npm\node_modules\@npmcli\arborist\lib\arborist\build-ideal-tree.js:917:35)
57 verbose stack     at #buildDepStep (C:\Users\SANDRA\AppData\Roaming\npm\node_modules\npm\node_modules\@npmcli\arborist\lib\arborist\build-ideal-tree.js:1044:30)
57 verbose stack     at async Arborist.buildIdealTree (C:\Users\SANDRA\AppData\Roaming\npm\node_modules\npm\node_modules\@npmcli\arborist\lib\arborist\build-ideal-tree.js:170:7)
57 verbose stack     at async Promise.all (index 1)
57 verbose stack     at async Arborist.reify (C:\Users\SANDRA\AppData\Roaming\npm\node_modules\npm\node_modules\@npmcli\arborist\lib\arborist\reify.js:111:5)
57 verbose stack     at async Install.exec (C:\Users\SANDRA\AppData\Roaming\npm\node_modules\npm\lib\commands\install.js:146:5)
58 error code EUNSUPPORTEDPROTOCOL
59 error Unsupported URL Type "workspace:": workspace:*
60 silly unfinished npm timer reify 1786022429155
61 silly unfinished npm timer reify:loadTrees 1786022429156
62 silly unfinished npm timer idealTree:buildDeps 1786022429514
63 silly unfinished npm timer idealTree:apps/aicos 1786022433579
64 verbose cwd C:\Users\SANDRA\Desktop\ChurchFlow-source (1)\marketing\churchflow-site
65 verbose os Windows_NT 10.0.22000
66 verbose node v24.14.0
67 verbose npm  v11.13.0
68 verbose exit 1
69 verbose code 1
70 error A complete log of this run can be found in: C:\Users\SANDRA\Desktop\ChurchFlow-source (1)\marketing\churchflow-site\.sites-runtime\npm-cache\_logs\2026-08-06T13_20_20_249Z-debug-0.log
